// Jest Snapshot v1, https://goo.gl/fbAQLP

exports[`development proxy preset should match snapshot 1`] = `
Object {
  "mixins": Array [
    "/home/zaubernerd/workspace/xing/hops/packages/development-proxy",
  ],
}
`;
